Robot{
    Position{
        x:5.1,
        y:3.0
    },
    distanceCompleted:2.93,
    Velocity{
        magnitude:1.0,
        angle:90.0
    },
    oilAmount:1,
    puttyAmount:1,
    id:0,
    enabled:true
}
