Oil{
    Position{
        x:0.0,
        y:2.0
    },
    hitsLeft:4,
    roundsLeft:-1,
    underCleaning:true
}
