CleaningRobot{
    Position{
        x:0.0,
        y:2.0
    },
    angle:0.0,
    actuallyCleaning: Oil{
        Position{
            x:0.0,
            y:2.0
        },
        hitsLeft:4,
        roundsLeft:-1,
        underCleaning:true
    },
    cleanTurnsLeft: 2
}
Oil{
    Position{
        x:0.0,
        y:2.0
    },
    hitsLeft:4,
    roundsLeft:-1,
    underCleaning:true
}
