Robot{
    Position{
        x:0.0,
        y:2.0
    },
    distanceCompleted:2.0,
    Velocity{
        magnitude:1.0,
        angle:0.0
    },
    oilAmount:1,
    puttyAmount:0,
    id:10,
    enabled:true
}
Putty{
    Position{
        x:0.0,
        y:2.0
    },
    hitsLeft:3,
    roundsLeft:-1,
    underCleaning:false
}
