Robot{
    Position{
        x:0.0,
        y:2.0
    },
    distanceCompleted:2.0,
    Velocity{
        magnitude:1.0,
        angle:0.0
    },
    oilAmount:1,
    puttyAmount:1,
    id:4,
    enabled:true
}
