Robot{
    Position{
        x:0.0,
        y:2.0
    },
    distanceCompleted:2.0,
    Velocity{
        magnitude:2.0,
        angle:90.0
    },
    oilAmount:2,
    puttyAmount:1,
    id:0,
    enabled:true
}
