Status{
    status:game not started,
    LastWinner{
        Robot{
            Position{
                x:0.0,
                y:5.0
            },
            distanceCompleted:0.0,
            Velocity{
                magnitude:5.0,
                angle:90.0
            },
            oilAmount:1,
            puttyAmount:1,
            id:0,
            enabled:true
        }
    }
}
