CleaningRobot{
    Position{
        x:0.0,
        y:0.0
    },
    angle:0.0,
    actuallyCleaning: null,
    cleanTurnsLeft: 0
}
