CleaningRobot{
    Position{
        x:-0.5,
        y:0.0
    },
    angle:0.4636476090008061actuallyCleaning: null,
    cleanTurnsLeft: 0
}
CleaningRobot{
    Position{
        x:0.5,
        y:0.0
    },
    angle:-0.4636476090008061actuallyCleaning: null,
    cleanTurnsLeft: 0
}
Oil{
    Position{
        x:0.0,
        y:1.0
    },
    hitsLeft:4,
    roundsLeft:-1,
    underCleaning:false
}
